Traceback (most recent call last):
  File "C:\Users\acer\AppData\Roaming\Python\Python312\site-packages\jupyter_cache\executors\utils.py", line 58, in single_nb_execution
    executenb(
  File "C:\Users\acer\AppData\Roaming\Python\Python312\site-packages\nbclient\client.py", line 1319, in execute
    return NotebookClient(nb=nb, resources=resources, km=km, **kwargs).execute()
           ^^^^^^^^^^^^^^^^^^^^^^^^^^^^^^^^^^^^^^^^^^^^^^^^^^^^^^^^^^^^^^^^^^^^^
  File "C:\Users\acer\AppData\Roaming\Python\Python312\site-packages\jupyter_core\utils\__init__.py", line 165, in wrapped
    return loop.run_until_complete(inner)
           ^^^^^^^^^^^^^^^^^^^^^^^^^^^^^^
  File "C:\Program Files\Python312\Lib\asyncio\base_events.py", line 685, in run_until_complete
    return future.result()
           ^^^^^^^^^^^^^^^
  File "C:\Users\acer\AppData\Roaming\Python\Python312\site-packages\nbclient\client.py", line 709, in async_execute
    await self.async_execute_cell(
  File "C:\Users\acer\AppData\Roaming\Python\Python312\site-packages\nbclient\client.py", line 1062, in async_execute_cell
    await self._check_raise_for_error(cell, cell_index, exec_reply)
  File "C:\Users\acer\AppData\Roaming\Python\Python312\site-packages\nbclient\client.py", line 918, in _check_raise_for_error
    raise CellExecutionError.from_cell_and_msg(cell, exec_reply_content)
nbclient.exceptions.CellExecutionError: An error occurred while executing the following cell:
------------------
# Menghitung jumlah berita Sport yang berhasil
jumlah_sport = 0

# Memproses URL berita Sport
for berita in data_sport:

    # Berhenti jika sudah mendapatkan 100 berita
    if jumlah_sport >= 100:
        break

    # Mengambil isi berita
    isi = ambil_isi_berita(
        berita["link"]
    )

    # Jika isi berita berhasil diambil
    if isi:

        data = {
            "id": id_data,
            "isi_berita": isi,
            "label": "sport"
        }

        # Memasukkan data ke dataset
        dataset.append(data)

        # Menambah jumlah berita berhasil
        jumlah_sport = jumlah_sport + 1

        # Menambah ID
        id_data = id_data + 1

        # Menampilkan progres setiap 25 data
        if jumlah_sport % 25 == 0:
            print(
                "Sport berhasil:",
                jumlah_sport,
                "/ 100"
            )

    else:

        # Jika gagal, lanjut ke URL berikutnya
        print("Sport gagal, lanjut ke berita berikutnya...")


# Menampilkan hasil Sport
print("Jumlah berita Sport berhasil:", jumlah_sport)
------------------


[1;31m---------------------------------------------------------------------------[0m
[1;31mNameError[0m                                 Traceback (most recent call last)
Cell [1;32mIn[10], line 5[0m
[0;32m      2[0m jumlah_sport [38;5;241m=[39m [38;5;241m0[39m
[0;32m      4[0m [38;5;66;03m# Memproses URL berita Sport[39;00m
[1;32m----> 5[0m [38;5;28;01mfor[39;00m berita [38;5;129;01min[39;00m [43mdata_sport[49m:
[0;32m      6[0m 
[0;32m      7[0m     [38;5;66;03m# Berhenti jika sudah mendapatkan 100 berita[39;00m
[0;32m      8[0m     [38;5;28;01mif[39;00m jumlah_sport [38;5;241m>[39m[38;5;241m=[39m [38;5;241m100[39m:
[0;32m      9[0m         [38;5;28;01mbreak[39;00m

[1;31mNameError[0m: name 'data_sport' is not defined

